------------------------------------------------------------
TimeQuest Timing Analyzer Summary
------------------------------------------------------------

Type  : Slow Model Setup 'matrix_block:p2|frequency_converter:p1|temporal'
Slack : -1.914
TNS   : -57.249

Type  : Slow Model Setup 'clk'
Slack : -1.349
TNS   : -7.296

Type  : Slow Model Hold 'clk'
Slack : -2.558
TNS   : -2.558

Type  : Slow Model Hold 'matrix_block:p2|frequency_converter:p1|temporal'
Slack : 0.391
TNS   : 0.000

Type  : Slow Model Minimum Pulse Width 'matrix_block:p2|frequency_converter:p1|temporal'
Slack : -1.627
TNS   : -155.874

Type  : Slow Model Minimum Pulse Width 'clk'
Slack : -1.380
TNS   : -10.380

Type  : Fast Model Setup 'matrix_block:p2|frequency_converter:p1|temporal'
Slack : -1.460
TNS   : -11.799

Type  : Fast Model Setup 'clk'
Slack : -0.065
TNS   : -0.065

Type  : Fast Model Hold 'clk'
Slack : -1.599
TNS   : -1.599

Type  : Fast Model Hold 'matrix_block:p2|frequency_converter:p1|temporal'
Slack : 0.215
TNS   : 0.000

Type  : Fast Model Minimum Pulse Width 'matrix_block:p2|frequency_converter:p1|temporal'
Slack : -1.627
TNS   : -155.874

Type  : Fast Model Minimum Pulse Width 'clk'
Slack : -1.380
TNS   : -10.380

------------------------------------------------------------
