------------------------------------------------------------
TimeQuest Timing Analyzer Summary
------------------------------------------------------------

Type  : Slow Model Setup 'clk'
Slack : -2.622
TNS   : -41.538

Type  : Slow Model Setup 'frequency_converter:p1|temporal'
Slack : -0.208
TNS   : -0.208

Type  : Slow Model Hold 'clk'
Slack : -2.552
TNS   : -2.552

Type  : Slow Model Hold 'frequency_converter:p1|temporal'
Slack : 0.939
TNS   : 0.000

Type  : Slow Model Minimum Pulse Width 'frequency_converter:p1|temporal'
Slack : -1.423
TNS   : -3.846

Type  : Slow Model Minimum Pulse Width 'clk'
Slack : -1.380
TNS   : -26.380

Type  : Fast Model Setup 'clk'
Slack : -0.721
TNS   : -8.038

Type  : Fast Model Setup 'frequency_converter:p1|temporal'
Slack : 0.456
TNS   : 0.000

Type  : Fast Model Hold 'clk'
Slack : -1.594
TNS   : -1.594

Type  : Fast Model Hold 'frequency_converter:p1|temporal'
Slack : 0.405
TNS   : 0.000

Type  : Fast Model Minimum Pulse Width 'frequency_converter:p1|temporal'
Slack : -1.423
TNS   : -3.846

Type  : Fast Model Minimum Pulse Width 'clk'
Slack : -1.380
TNS   : -26.380

------------------------------------------------------------
